[youtubelikecounter.com/index.html]
[backblue.gif]
[fade.gif]
[index.html]
[youtubelikecounter.com/assets/images/like.svg]
[youtubelikecounter.com/assets/images/main-img.png]
[unpkg.com/tailwindcss@1.9.2/dist/tailwind.min.css]
[youtubelikecounter.com/assets/css/preloader.css]
[youtubelikecounter.com/assets/css/odometer-theme-minimal.css]
[arc.io/widget.js]
[youtubelikecounter.com/assets/images/eye.svg]
[youtubelikecounter.com/assets/images/dislike.svg]
[youtubelikecounter.com/assets/images/comment.svg]
[youtubelikecounter.com/assets/images/search.svg]
[youtubelikecounter.com/assets/images/twitter.svg]
[cdnjs.cloudflare.com/ajax/libs/odometer.js/0.4.6/odometer.min.js]
[cdnjs.cloudflare.com/ajax/libs/jquery/3.5.1/jquery.min.js]
[youtubelikecounter.com/assets/js/mainb6f5.js]
[youtubelikecounter.com/index.html]
[youtubelikecounter.com/assets/images/like.svg]
[unpkg.com/tailwindcss@1.9.2/dist/tailwind.min.css]
[youtubelikecounter.com/assets/css/preloader.css]
[youtubelikecounter.com/assets/css/odometer-theme-minimal.css]
[youtubelikecounter.com/assets/images/eye.svg]
[youtubelikecounter.com/assets/images/dislike.svg]
[youtubelikecounter.com/assets/images/comment.svg]
[youtubelikecounter.com/assets/images/search.svg]
[youtubelikecounter.com/assets/images/twitter.svg]
